
========================================================================================================================
RESTART_APPEND=2026-05-30T20:00:15.175990
JOB_NO=0099
MANIFEST_INDEX=98
NAME=ablation_Electricity_full_H336
GPU=0
EXPECTED_RESULT=runs_icdm_psllm_parallel/ablation/full/main_Electricity_model-psllm_llm-qwen2p5_1p5b_sem-mlp_mode-M_L96_H336_pat1_sem1_align1_gate1_llm1_fs1.0_noise0.0_seed42/result.json
CMD=/home/tahiti/Malashin_Projects/.venv_a100/bin/python run_icdm_psllm.py --plan single --data_root data_icdm_tsf --hf_root /home/tahiti/Malashin_Projects/hf_models --out_dir runs_icdm_psllm_parallel/ablation/full --task main --dataset Electricity --mode M --model psllm --llm_name qwen2p5_1p5b --semantic_encoder mlp --seq_len 96 --pred_len 336 --batch_size 2 --epochs 6 --patience 3 --d_model 128 --n_layers 2 --n_heads 4 --rank 64 --lr 0.001 --weight_decay 0.0001 --amp 1 --num_workers 0 --seed 42 --device auto --fewshot_ratio 1.0 --noise_std 0.0 --use_pattern 1 --use_semantic 1 --use_align 1 --use_gate 1 --use_llm 1 --max_train_batches -1 --max_eval_batches -1
========================================================================================================================

Loading weights:   0%|          | 0/338 [00:00<?, ?it/s]
Loading weights:   0%|          | 1/338 [00:00<00:41,  8.05it/s]
Loading weights:  19%|█▉        | 65/338 [00:00<00:00, 305.09it/s]
Loading weights:  29%|██▉       | 99/338 [00:00<00:00, 275.49it/s]
Loading weights:  39%|███▉      | 133/338 [00:00<00:00, 288.37it/s]
Loading weights:  48%|████▊     | 163/338 [00:00<00:00, 276.12it/s]
Loading weights:  58%|█████▊    | 195/338 [00:00<00:00, 289.09it/s]
Loading weights:  68%|██████▊   | 231/338 [00:00<00:00, 305.25it/s]
Loading weights:  79%|███████▉  | 267/338 [00:00<00:00, 314.99it/s]
Loading weights:  96%|█████████▋| 326/338 [00:01<00:00, 395.50it/s]
Loading weights: 100%|██████████| 338/338 [00:01<00:00, 323.94it/s]
